In order to run your application, type:

  $ flutter run

Your application code is in ./lib/main.dart.

>> [2/7] Patching Android config (name, permissions, minSdk, signing)
manifest patched
proguard rules written
MainActivity patched: /home/runner/work/almajhool-ap/almajhool-ap/android/app/src/main/kotlin/com/almajhool/almajhool_app/MainActivity.kt
build.gradle.kts patched
>> [3/7] Installing packages
Resolving dependencies...
Downloading packages...
+ _flutterfire_internals 1.3.77
+ ansicolor 2.0.3
+ app_links 6.4.1 (7.2.2 available)
+ app_links_linux 1.0.4
+ app_links_platform_interface 2.0.4
+ app_links_web 1.0.5
+ archive 4.3.0
+ args 2.7.0
+ asn1lib 1.6.5
+ async 2.13.1
+ audioplayers 6.8.1
+ audioplayers_android 5.3.0
+ audioplayers_darwin 6.5.0
+ audioplayers_linux 4.3.0
+ audioplayers_platform_interface 7.2.0
+ audioplayers_web 5.3.0
+ audioplayers_windows 4.4.1
+ boolean_selector 2.1.2
+ cached_network_image 3.4.1 (4.0.4 available)
+ cached_network_image_platform_interface 4.1.1 (5.0.3 available)
+ cached_network_image_web 1.3.1 (2.0.3 available)
  characters 1.4.1 (from direct dependency to transitive dependency)
+ checked_yaml 2.0.4
+ cli_util 0.4.2 (0.6.0 available)
+ clock 1.1.3
+ code_assets 1.2.1 (2.1.0 available)
  collection 1.19.1 (from direct dependency to transitive dependency)
+ connectivity_plus 7.3.1 (7.3.2 available)
+ connectivity_plus_platform_interface 2.1.0
+ convert 3.1.2
+ cross_file 0.3.5+5 (0.4.0 available)
+ crypto 3.0.7
+ csslib 1.0.2
+ dart_jsonwebtoken 3.4.1
+ dart_webrtc 1.8.2
+ dbus 0.7.15 (0.8.0 available)
+ device_info_plus 12.4.0 (13.3.0 available)
+ device_info_plus_platform_interface 7.0.3 (8.1.0 available)
+ fake_async 1.3.3
+ ffi 2.2.0
+ file 7.0.1
+ file_picker 10.3.10 (13.1.0 available)
+ file_selector_linux 0.9.4+1
+ file_selector_macos 0.9.5+1
+ file_selector_platform_interface 2.7.0
+ file_selector_windows 0.9.3+6
+ firebase_core 4.15.0
+ firebase_core_platform_interface 8.1.1
+ firebase_core_web 3.12.0
+ firebase_messaging 16.7.0
+ firebase_messaging_platform_interface 4.10.0
+ firebase_messaging_web 4.2.5
+ fixnum 1.1.1
+ flutter 0.0.0 from sdk flutter
+ flutter_background_service 5.1.0
+ flutter_background_service_android 6.3.1
+ flutter_background_service_ios 5.0.3
+ flutter_background_service_platform_interface 5.1.2
+ flutter_cache_manager 3.4.5
+ flutter_launcher_icons 0.14.4
+ flutter_lints 4.0.0 (6.0.0 available)
+ flutter_local_notifications 18.0.1 (22.3.1 available)
+ flutter_local_notifications_linux 5.0.0 (8.0.1 available)
+ flutter_local_notifications_platform_interface 8.0.0 (12.2.0 available)
+ flutter_localizations 0.0.0 from sdk flutter
+ flutter_native_splash 2.4.8
+ flutter_plugin_android_lifecycle 2.0.35
+ flutter_test 0.0.0 from sdk flutter
+ flutter_web_plugins 0.0.0 from sdk flutter
+ flutter_webrtc 1.6.2+hotfix.3
+ functions_client 2.7.1
+ gal 2.3.3
+ gotrue 2.27.2
+ hooks 2.0.2 (2.2.0 available)
+ html 0.15.7
+ http 1.6.0
+ http_parser 4.1.2
+ image 4.10.1
+ image_picker 1.2.4
+ image_picker_android 0.8.13+25
+ image_picker_for_web 3.1.1
+ image_picker_ios 0.8.13+9
+ image_picker_linux 0.2.2
+ image_picker_macos 0.2.2+1
+ image_picker_platform_interface 2.11.2
+ image_picker_windows 0.2.2
+ jni 1.1.0
+ jni_flutter 1.0.4+1
+ jni_util 1.0.0
+ json_annotation 4.12.0
+ leak_tracker 11.0.2
+ leak_tracker_flutter_testing 3.0.10
+ leak_tracker_testing 3.0.2
+ lints 4.0.0 (6.1.0 available)
+ livekit_client 2.13.0
+ logger 2.8.0
+ logging 1.3.0
+ matcher 0.12.20
  material_color_utilities 0.13.0 (from direct dependency to transitive dependency) (0.13.1 available)
  meta 1.18.3 (from direct dependency to transitive dependency) (1.19.0 available)
+ mime 2.1.0
+ mime_type 1.0.1
+ nested 1.0.0
+ nm 0.5.0 (0.6.0 available)
+ objective_c 9.5.0 (9.6.2 available)
+ octo_image 2.1.2
+ ota_update 7.1.0
+ package_config 3.0.0
+ passkeys_platform_interface 2.10.0
  path 1.9.1 (from direct dependency to transitive dependency)
+ path_provider 2.1.6
+ path_provider_android 2.3.1
+ path_provider_foundation 2.6.0
+ path_provider_linux 2.2.2
+ path_provider_platform_interface 2.1.3
+ path_provider_windows 2.3.0
+ permission_handler 11.4.0 (13.0.2 available)
+ permission_handler_android 12.1.0 (14.1.0 available)
+ permission_handler_apple 9.6.2
+ permission_handler_html 0.1.4+1
+ permission_handler_platform_interface 4.4.1
+ permission_handler_windows 0.2.2
+ petitparser 7.0.2 (7.1.0 available)
+ platform 3.2.0
+ plugin_platform_interface 2.1.8
+ pointycastle 4.0.0
+ posix 6.5.2
+ postgrest 2.9.1
+ protobuf 6.1.0
+ provider 6.1.5+1
+ pub_semver 2.2.1
+ realtime_client 2.13.0
+ record 6.2.1 (7.1.1 available)
+ record_android 1.5.2 (2.2.0 available)
+ record_ios 1.2.1 (2.1.1 available)
+ record_linux 1.3.1 (2.1.2 available)
+ record_macos 1.2.2 (2.1.1 available)
+ record_platform_interface 1.6.0 (2.1.0 available)
+ record_use 0.6.0 (1.1.1 available)
+ record_web 1.3.0 (2.1.3 available)
+ record_windows 1.0.7 (2.3.0 available)
+ rxdart 0.28.0
+ sdp_transform 0.3.2
+ shared_preferences 2.5.6
+ shared_preferences_android 2.4.28
+ shared_preferences_foundation 2.5.7
+ shared_preferences_linux 2.4.1
+ shared_preferences_platform_interface 2.4.2
+ shared_preferences_web 2.4.3
+ shared_preferences_windows 2.4.1
+ sky_engine 0.0.0 from sdk flutter
+ source_span 1.10.2
+ sqflite 2.4.4+1
+ sqflite_android 2.4.4
+ sqflite_common 2.5.13+1
+ sqflite_darwin 2.4.4
+ sqflite_platform_interface 2.4.2
+ stack_trace 1.12.2
+ storage_client 2.8.1
+ stream_channel 2.1.4
+ string_scanner 1.4.1
+ supabase 2.16.2
+ supabase_common 0.1.2
+ supabase_flutter 2.18.0
+ synchronized 3.4.2
+ term_glyph 1.2.2
+ test_api 0.7.12 (0.7.14 available)
+ timezone 0.10.1 (0.11.1 available)
+ typed_data 1.4.0
+ universal_io 2.3.1
+ url_launcher 6.3.3
+ url_launcher_android 6.3.33
+ url_launcher_ios 6.4.2
+ url_launcher_linux 3.2.3
+ url_launcher_macos 3.2.6
+ url_launcher_platform_interface 2.3.2
+ url_launcher_web 2.4.3
+ url_launcher_windows 3.1.6
+ uuid 4.6.0
  vector_math 2.4.0 (from direct dependency to transitive dependency) (2.4.3 available)
+ video_player 2.14.1
+ video_player_android 2.12.2
+ video_player_avfoundation 2.12.0
+ video_player_platform_interface 6.9.0
+ video_player_web 2.4.0
+ vm_service 15.3.0
+ web 1.1.1
+ web_socket 1.0.1
+ web_socket_channel 3.0.3
+ webrtc_interface 1.5.1
+ win32 5.15.0 (6.4.0 available)
+ win32_registry 2.1.0 (3.0.3 available)
+ xdg_directories 1.1.0
+ xml 7.0.1 (7.1.0 available)
+ yaml 3.1.4
+ yet_another_json_isolate 2.1.1
Changed 196 dependencies!
40 packages have newer versions incompatible with dependency constraints.
Try `flutter pub outdated` for more information.
Upgrading analysis_options.yaml to exclude build and platform directories.
>> [4/7] App icon + splash screen
  ════════════════════════════════════════════
     FLUTTER LAUNCHER ICONS (v0.14.4)                               
  ════════════════════════════════════════════
  
• Creating default icons Android
• Creating adaptive icons Android
• Overwriting the default Android launcher icon with a new icon
• No colors.xml file found in your Android project
• Creating colors.xml file and adding it to your Android project
• Creating mipmap xml file Android
No platform provided

✓ Successfully generated launcher icons
[Android] Creating default splash images
[Android] Creating default android12splash images
[Android] Creating dark mode android12splash images
[Android] Updating launch background(s) with splash image path...
[Android]  - android/app/src/main/res/drawable/launch_background.xml
[Android]  - android/app/src/main/res/drawable-v21/launch_background.xml
[Android] Updating styles...
[Android]  - android/app/src/main/res/values-v31/styles.xml
[Android] No android/app/src/main/res/values-v31/styles.xml found in your Android project
[Android] Creating android/app/src/main/res/values-v31/styles.xml and adding it to your Android project
[Android]  - android/app/src/main/res/values-night-v31/styles.xml
[Android] No android/app/src/main/res/values-night-v31/styles.xml found in your Android project
[Android] Creating android/app/src/main/res/values-night-v31/styles.xml and adding it to your Android project
[Android]  - android/app/src/main/res/values/styles.xml
[Android]  - android/app/src/main/res/values-night/styles.xml

✅ Native splash complete.
Now go finish building something awesome! 💪 You rock! 🤘🤩
Like the package? Please give it a 👍 here: https://pub.dev/packages/flutter_native_splash

>> [5/7] Release signing
   using the project's permanent signing key
>> [6/7] Static analysis
Analyzing almajhool-ap...                                       

   info • 'anonKey' is deprecated and shouldn't be used. Use publishableKey instead. anonKey will be removed in a future major version. Try replacing the use of the deprecated member with the replacement • lib/main.dart:52:53 • deprecated_member_use
   info • Use 'const' for final variables initialized to a constant value. Try replacing 'final' with 'const' • lib/screens/admin/admin_screen.dart:935:5 • prefer_const_declarations
warning • Returning a 'Future' without 'await' inside a try block. Try adding an 'await' • lib/screens/call/call_screen.dart:419:29 • unawaited_return_in_try_block
warning • Returning a 'Future' without 'await' inside a try block. Try adding an 'await' • lib/screens/call/call_screen.dart:420:25 • unawaited_return_in_try_block
warning • Returning a 'Future' without 'await' inside a try block. Try adding an 'await' • lib/screens/call/call_screen.dart:421:26 • unawaited_return_in_try_block
   info • 'cacheExtent' is deprecated and shouldn't be used. Use scrollCacheExtent instead. This feature was deprecated after v3.41.0-0.0.pre. Try replacing the use of the deprecated member with the replacement • lib/screens/feed/feed_screens.dart:160:13 • deprecated_member_use
   info • The import of 'dart:typed_data' is unnecessary because all of the used elements are also provided by the import of 'package:flutter/foundation.dart'. Try removing the import directive • lib/screens/feed/image_editor.dart:1:8 • unnecessary_import
   info • The import of 'dart:typed_data' is unnecessary because all of the used elements are also provided by the import of 'package:flutter/foundation.dart'. Try removing the import directive • lib/screens/feed/stories.dart:4:8 • unnecessary_import
warning • Unused import: '../../core/theme.dart'. Try removing the import directive • lib/screens/live/live_screens.dart:18:8 • unused_import
warning • This 'onError' handler must return a value assignable to 'bool', but ends without returning a value. Try adding a return statement • lib/screens/live/live_screens.dart:837:39 • body_might_complete_normally_catch_error
   info • 'of' is deprecated and shouldn't be used. Use TickerMode.valuesOf to get both enabled and forceFrames. This feature was deprecated after v3.35.0-0.0.pre. Try replacing the use of the deprecated member with the replacement • lib/screens/live/live_screens.dart:2282:28 • deprecated_member_use
   info • 'groupValue' is deprecated and shouldn't be used. Use a RadioGroup ancestor to manage group value instead. This feature was deprecated after v3.32.0-0.0.pre. Try replacing the use of the deprecated member with the replacement • lib/screens/settings/settings_tab.dart:231:19 • deprecated_member_use
   info • 'onChanged' is deprecated and shouldn't be used. Use RadioGroup to handle value change instead. This feature was deprecated after v3.32.0-0.0.pre. Try replacing the use of the deprecated member with the replacement • lib/screens/settings/settings_tab.dart:234:19 • deprecated_member_use
   info • The import of 'dart:ui' is unnecessary because all of the used elements are also provided by the import of 'package:flutter/foundation.dart'. Try removing the import directive • lib/services/crash_reporter.dart:1:8 • unnecessary_import
   info • The import of 'dart:typed_data' is unnecessary because all of the used elements are also provided by the import of 'package:flutter/foundation.dart'. Try removing the import directive • lib/services/sticker_service.dart:1:8 • unnecessary_import

15 issues found. (ran in 18.0s)
>> [7/7] Building
Upgrading build.gradle.kts
Running Gradle task 'assembleRelease'...                        
WARNING: Your app uses the following plugins that apply Kotlin Gradle Plugin (KGP): device_info_plus, file_picker, firebase_core, flutter_webrtc, livekit_client, record_android
Future versions of Flutter will fail to build if your app uses plugins that apply KGP.

Please check the changelogs of these plugins and upgrade to a version that supports Built-in Kotlin.
If no such version exists, report the issue to the plugin. If necessary, here is a guide on filing
an issue against a plugin: https://docs.flutter.dev/release/breaking-changes/migrate-to-built-in-kotlin/for-app-developers#report-incompatible-kotlin-gradle-plugin-usage-to-plugin-authors

If you are a plugin author, please migrate your plugin to Built-in Kotlin using this guide: https://docs.flutter.dev/release/breaking-changes/migrate-to-built-in-kotlin/for-plugin-authors
Font asset "MaterialIcons-Regular.otf" was tree-shaken, reducing it from 1645184 to 30192 bytes (98.2% reduction). Tree-shaking can be disabled by providing the --no-tree-shake-icons flag when building your app.
Warning: The generated ELF library contains unobfuscated DWARF debugging information.
         To avoid this, use --strip to remove it.
Warning: The generated ELF library contains unobfuscated DWARF debugging information.
         To avoid this, use --strip to remove it.
Checking the license for package CMake 3.22.1 in /usr/local/lib/android/sdk/licenses
License for package CMake 3.22.1 accepted.
Preparing "Install CMake 3.22.1 v.3.22.1".
"Install CMake 3.22.1 v.3.22.1" ready.
Installing CMake 3.22.1 in /usr/local/lib/android/sdk/cmake/3.22.1
"Install CMake 3.22.1 v.3.22.1" complete.
"Install CMake 3.22.1 v.3.22.1" finished.
Note: Some input files use or override a deprecated API.
Note: Recompile with -Xlint:deprecation for details.
Note: Some input files use unchecked or unsafe operations.
Note: Recompile with -Xlint:unchecked for details.
Note: Some input files use or override a deprecated API.
Note: Recompile with -Xlint:deprecation for details.
Note: Some input files use or override a deprecated API.
Note: Recompile with -Xlint:deprecation for details.
Caught exception: Already watching path: /home/runner/work/almajhool-ap/almajhool-ap/android
Running Gradle task 'assembleRelease'...                          492.6s
✓ Built build/app/outputs/flutter-apk/app-release.apk (82.9MB)
Running Gradle task 'bundleRelease'...                          
WARNING: Your app uses the following plugins that apply Kotlin Gradle Plugin (KGP): device_info_plus, file_picker, firebase_core, flutter_webrtc, livekit_client, record_android
Future versions of Flutter will fail to build if your app uses plugins that apply KGP.

Please check the changelogs of these plugins and upgrade to a version that supports Built-in Kotlin.
If no such version exists, report the issue to the plugin. If necessary, here is a guide on filing
an issue against a plugin: https://docs.flutter.dev/release/breaking-changes/migrate-to-built-in-kotlin/for-app-developers#report-incompatible-kotlin-gradle-plugin-usage-to-plugin-authors

If you are a plugin author, please migrate your plugin to Built-in Kotlin using this guide: https://docs.flutter.dev/release/breaking-changes/migrate-to-built-in-kotlin/for-plugin-authors
Font asset "MaterialIcons-Regular.otf" was tree-shaken, reducing it from 1645184 to 30192 bytes (98.2% reduction). Tree-shaking can be disabled by providing the --no-tree-shake-icons flag when building your app.
Caught exception: Already watching path: /home/runner/work/almajhool-ap/almajhool-ap/android
Running Gradle task 'bundleRelease'...                             19.9s
✓ Built build/app/outputs/bundle/release/app-release.aab (64.9MB)
>> Rotating signature to the secret key (old key alone can no longer update the app)
>> apksigner: /usr/local/lib/android/sdk/build-tools/37.0.0
>> signing key ready (stored=existing)
::add-mask::90oUsXvBUBGtxOLTyJOYds3e0_CV_5WgqrMz-tef
Verified using v1 scheme (JAR signing): false
Verified using v2 scheme (APK Signature Scheme v2): true
Verified using v3 scheme (APK Signature Scheme v3): true
Verified using v3.1 scheme (APK Signature Scheme v3.1): false
Verified using v3.2 scheme (APK Signature Scheme v3.2): false
Verified using v4 scheme (APK Signature Scheme v4): false
V3.0 Signer: certificate DN: CN=Almajhool, O=Almajhool, C=IQ
V3.0 Signer: certificate SHA-256 digest: 22241941f8c8fa757ad6f545d21b1376ec4d75800c764b58846db017270813ad
V3.0 Signer: certificate SHA-1 digest: 004d251356789593eb3023050943c3b41f011caa
V3.0 Signer: certificate MD5 digest: 631f8326b21e72165f87d17d797f06e2
V3.0 Signer: key algorithm: RSA
V3.0 Signer: key size (bits): 4096
V3.0 Signer: public key SHA-256 digest: 8324a1a26b5a6110d5e594842ab6dcbfdf051d7b401daf926d08b09af4fbf33d
V3.0 Signer: public key SHA-1 digest: 62ea4baefe5e731450e2c2ef5aa546b8dfe9f730
V3.0 Signer: public key MD5 digest: 21a0e00ed09408082a143b4fe72e7d14
>> rotated signature OK
>> apksigner: /usr/local/lib/android/sdk/build-tools/37.0.0
>> signing key ready (stored=existing)
::add-mask::90oUsXvBUBGtxOLTyJOYds3e0_CV_5WgqrMz-tef
Verified using v1 scheme (JAR signing): false
Verified using v2 scheme (APK Signature Scheme v2): true
Verified using v3 scheme (APK Signature Scheme v3): true
Verified using v3.1 scheme (APK Signature Scheme v3.1): false
Verified using v3.2 scheme (APK Signature Scheme v3.2): false
Verified using v4 scheme (APK Signature Scheme v4): false
V3.0 Signer: certificate DN: CN=Almajhool, O=Almajhool, C=IQ
V3.0 Signer: certificate SHA-256 digest: 22241941f8c8fa757ad6f545d21b1376ec4d75800c764b58846db017270813ad
V3.0 Signer: certificate SHA-1 digest: 004d251356789593eb3023050943c3b41f011caa
V3.0 Signer: certificate MD5 digest: 631f8326b21e72165f87d17d797f06e2
V3.0 Signer: key algorithm: RSA
V3.0 Signer: key size (bits): 4096
V3.0 Signer: public key SHA-256 digest: 8324a1a26b5a6110d5e594842ab6dcbfdf051d7b401daf926d08b09af4fbf33d
V3.0 Signer: public key SHA-1 digest: 62ea4baefe5e731450e2c2ef5aa546b8dfe9f730
V3.0 Signer: public key MD5 digest: 21a0e00ed09408082a143b4fe72e7d14
>> rotated signature OK
>> apksigner: /usr/local/lib/android/sdk/build-tools/37.0.0
>> signing key ready (stored=existing)
::add-mask::90oUsXvBUBGtxOLTyJOYds3e0_CV_5WgqrMz-tef
Verified using v1 scheme (JAR signing): false
Verified using v2 scheme (APK Signature Scheme v2): true
Verified using v3 scheme (APK Signature Scheme v3): true
Verified using v3.1 scheme (APK Signature Scheme v3.1): false
Verified using v3.2 scheme (APK Signature Scheme v3.2): false
Verified using v4 scheme (APK Signature Scheme v4): false
V3.0 Signer: certificate DN: CN=Almajhool, O=Almajhool, C=IQ
V3.0 Signer: certificate SHA-256 digest: 22241941f8c8fa757ad6f545d21b1376ec4d75800c764b58846db017270813ad
V3.0 Signer: certificate SHA-1 digest: 004d251356789593eb3023050943c3b41f011caa
V3.0 Signer: certificate MD5 digest: 631f8326b21e72165f87d17d797f06e2
V3.0 Signer: key algorithm: RSA
V3.0 Signer: key size (bits): 4096
V3.0 Signer: public key SHA-256 digest: 8324a1a26b5a6110d5e594842ab6dcbfdf051d7b401daf926d08b09af4fbf33d
V3.0 Signer: public key SHA-1 digest: 62ea4baefe5e731450e2c2ef5aa546b8dfe9f730
V3.0 Signer: public key MD5 digest: 21a0e00ed09408082a143b4fe72e7d14
>> rotated signature OK
total 104268
drwxr-xr-x 2 runner runner     4096 Oct  6 19:13 .
drwxr-xr-x 3 runner runner     4096 Oct  6 19:13 ..
-rw-r--r-- 1 runner runner 56765057 Oct  6 19:13 almajhool-arm64.apk
-rw-r--r-- 1 runner runner   453070 Oct  6 19:13 almajhool-arm64.apk.idsig
-rw-r--r-- 1 runner runner 49146509 Oct  6 19:13 almajhool-armv7.apk
-rw-r--r-- 1 runner runner   391630 Oct  6 19:13 almajhool-armv7.apk.idsig
total 144972
drwxr-xr-x  3 runner runner     4096 Oct  6 19:13 .
drwxr-xr-x 17 runner runner     4096 Oct  6 19:13 ..
-rw-r--r--  1 runner runner 64919182 Oct  6 19:13 almajhool-app.aab
-rw-r--r--  1 runner runner 82848863 Oct  6 19:13 almajhool-app.apk
-rw-r--r--  1 runner runner   666062 Oct  6 19:13 almajhool-app.apk.idsig
drwxr-xr-x  2 runner runner     4096 Oct  6 19:13 split
>> Verifying APK signature
Verified using v1 scheme (JAR signing): false
Verified using v2 scheme (APK Signature Scheme v2): true
Verified using v3 scheme (APK Signature Scheme v3): true
Verified using v3.1 scheme (APK Signature Scheme v3.1): false
Verified using v3.2 scheme (APK Signature Scheme v3.2): false
Verified using v4 scheme (APK Signature Scheme v4): false
Verified for SourceStamp: false
 11747864  1981-01-01 01:01   lib/arm64-v8a/libflutter.so
  8615900  1981-01-01 01:01   lib/armeabi-v7a/libflutter.so
>> BUILD OK
