x86_64,arm64-v8a
Performing Streamed Install
Success
[universal] pid=
10-04 22:38:10.937  3459  3459 E AndroidRuntime: java.lang.RuntimeException: Unable to start activity ComponentInfo{com.almajhool.almajhool_app/com.almajhool.almajhool_app.MainActivity}: java.lang.RuntimeException: java.util.concurrent.ExecutionException: java.lang.UnsatisfiedLinkError: dlopen failed: "/data/data/com.almajhool.almajhool_app/app_lib/libflutter.so" is for EM_AARCH64 (183) instead of EM_X86_64 (62)
10-04 22:38:10.937  3459  3459 E AndroidRuntime: 	at android.app.ActivityThread.performLaunchActivity(ActivityThread.java:3782)
10-04 22:38:10.937  3459  3459 E AndroidRuntime: 	at android.app.ActivityThread.handleLaunchActivity(ActivityThread.java:3922)
10-04 22:38:10.937  3459  3459 E AndroidRuntime: 	at android.app.servertransaction.LaunchActivityItem.execute(LaunchActivityItem.java:103)
10-04 22:38:10.937  3459  3459 E AndroidRuntime: 	at android.app.servertransaction.TransactionExecutor.executeCallbacks(TransactionExecutor.java:139)
10-04 22:38:10.937  3459  3459 E AndroidRuntime: 	at android.app.servertransaction.TransactionExecutor.execute(TransactionExecutor.java:96)
10-04 22:38:10.937  3459  3459 E AndroidRuntime: 	at android.app.ActivityThread$H.handleMessage(ActivityThread.java:2443)
10-04 22:38:10.937  3459  3459 E AndroidRuntime: 	at android.os.Handler.dispatchMessage(Handler.java:106)
10-04 22:38:10.937  3459  3459 E AndroidRuntime: 	at android.os.Looper.loopOnce(Looper.java:205)
10-04 22:38:10.937  3459  3459 E AndroidRuntime: 	at android.os.Looper.loop(Looper.java:294)
10-04 22:38:10.937  3459  3459 E AndroidRuntime: 	at android.app.ActivityThread.main(ActivityThread.java:8177)
10-04 22:38:10.937  3459  3459 E AndroidRuntime: 	at java.lang.reflect.Method.invoke(Native Method)
10-04 22:38:10.937  3459  3459 E AndroidRuntime: 	at com.android.internal.os.RuntimeInit$MethodAndArgsCaller.run(RuntimeInit.java:552)
10-04 22:38:10.937  3459  3459 E AndroidRuntime: 	at com.android.internal.os.ZygoteInit.main(ZygoteInit.java:971)
10-04 22:38:10.937  3459  3459 E AndroidRuntime: Caused by: java.lang.RuntimeException: java.util.concurrent.ExecutionException: java.lang.UnsatisfiedLinkError: dlopen failed: "/data/data/com.almajhool.almajhool_app/app_lib/libflutter.so" is for EM_AARCH64 (183) instead of EM_X86_64 (62)
10-04 22:38:10.937  3459  3459 E AndroidRuntime: 	at y80.m(r8-map-id-380f7b24448c243eaf0f49ce942d2c975a27adb61ab37872d243dfd1712366ad:3)
10-04 22:38:10.937  3459  3459 E AndroidRuntime: 	at f40.a(r8-map-id-380f7b24448c243eaf0f49ce942d2c975a27adb61ab37872d243dfd1712366ad:817)
10-04 22:38:10.937  3459  3459 E AndroidRuntime: 	at e30.<init>(r8-map-id-380f7b24448c243eaf0f49ce942d2c975a27adb61ab37872d243dfd1712366ad:34)
10-04 22:38:10.937  3459  3459 E AndroidRuntime: 	at o20.onCreate(r8-map-id-380f7b24448c243eaf0f49ce942d2c975a27adb61ab37872d243dfd1712366ad:318)
10-04 22:38:10.937  3459  3459 E AndroidRuntime: 	at com.almajhool.almajhool_app.MainActivity.onCreate(r8-map-id-380f7b24448c243eaf0f49ce942d2c975a27adb61ab37872d243dfd1712366ad:13)
10-04 22:38:10.937  3459  3459 E AndroidRuntime: 	at android.app.Activity.performCreate(Activity.java:8595)
10-04 22:38:10.937  3459  3459 E AndroidRuntime: 	at android.app.Activity.performCreate(Activity.java:8573)
10-04 22:38:10.937  3459  3459 E AndroidRuntime: 	at android.app.Instrumentation.callActivityOnCreate(Instrumentation.java:1456)
10-04 22:38:10.937  3459  3459 E AndroidRuntime: 	at android.app.ActivityThread.performLaunchActivity(ActivityThread.java:3764)
Performing Streamed Install
Success
[split] pid=
10-04 22:38:36.915  4658  4658 E AndroidRuntime: java.lang.RuntimeException: Unable to start activity ComponentInfo{com.almajhool.almajhool_app/com.almajhool.almajhool_app.MainActivity}: java.lang.RuntimeException: java.util.concurrent.ExecutionException: java.lang.UnsatisfiedLinkError: dlopen failed: "/data/data/com.almajhool.almajhool_app/app_lib/libflutter.so" is for EM_AARCH64 (183) instead of EM_X86_64 (62)
10-04 22:38:36.915  4658  4658 E AndroidRuntime: 	at android.app.ActivityThread.performLaunchActivity(ActivityThread.java:3782)
10-04 22:38:36.915  4658  4658 E AndroidRuntime: 	at android.app.ActivityThread.handleLaunchActivity(ActivityThread.java:3922)
10-04 22:38:36.915  4658  4658 E AndroidRuntime: 	at android.app.servertransaction.LaunchActivityItem.execute(LaunchActivityItem.java:103)
10-04 22:38:36.915  4658  4658 E AndroidRuntime: 	at android.app.servertransaction.TransactionExecutor.executeCallbacks(TransactionExecutor.java:139)
10-04 22:38:36.915  4658  4658 E AndroidRuntime: 	at android.app.servertransaction.TransactionExecutor.execute(TransactionExecutor.java:96)
10-04 22:38:36.915  4658  4658 E AndroidRuntime: 	at android.app.ActivityThread$H.handleMessage(ActivityThread.java:2443)
10-04 22:38:36.915  4658  4658 E AndroidRuntime: 	at android.os.Handler.dispatchMessage(Handler.java:106)
10-04 22:38:36.915  4658  4658 E AndroidRuntime: 	at android.os.Looper.loopOnce(Looper.java:205)
10-04 22:38:36.915  4658  4658 E AndroidRuntime: 	at android.os.Looper.loop(Looper.java:294)
10-04 22:38:36.915  4658  4658 E AndroidRuntime: 	at android.app.ActivityThread.main(ActivityThread.java:8177)
10-04 22:38:36.915  4658  4658 E AndroidRuntime: 	at java.lang.reflect.Method.invoke(Native Method)
10-04 22:38:36.915  4658  4658 E AndroidRuntime: 	at com.android.internal.os.RuntimeInit$MethodAndArgsCaller.run(RuntimeInit.java:552)
10-04 22:38:36.915  4658  4658 E AndroidRuntime: 	at com.android.internal.os.ZygoteInit.main(ZygoteInit.java:971)
10-04 22:38:36.915  4658  4658 E AndroidRuntime: Caused by: java.lang.RuntimeException: java.util.concurrent.ExecutionException: java.lang.UnsatisfiedLinkError: dlopen failed: "/data/data/com.almajhool.almajhool_app/app_lib/libflutter.so" is for EM_AARCH64 (183) instead of EM_X86_64 (62)
10-04 22:38:36.915  4658  4658 E AndroidRuntime: 	at y80.m(r8-map-id-380f7b24448c243eaf0f49ce942d2c975a27adb61ab37872d243dfd1712366ad:3)
10-04 22:38:36.915  4658  4658 E AndroidRuntime: 	at f40.a(r8-map-id-380f7b24448c243eaf0f49ce942d2c975a27adb61ab37872d243dfd1712366ad:817)
10-04 22:38:36.915  4658  4658 E AndroidRuntime: 	at e30.<init>(r8-map-id-380f7b24448c243eaf0f49ce942d2c975a27adb61ab37872d243dfd1712366ad:34)
10-04 22:38:36.915  4658  4658 E AndroidRuntime: 	at o20.onCreate(r8-map-id-380f7b24448c243eaf0f49ce942d2c975a27adb61ab37872d243dfd1712366ad:318)
10-04 22:38:36.915  4658  4658 E AndroidRuntime: 	at com.almajhool.almajhool_app.MainActivity.onCreate(r8-map-id-380f7b24448c243eaf0f49ce942d2c975a27adb61ab37872d243dfd1712366ad:13)
10-04 22:38:36.915  4658  4658 E AndroidRuntime: 	at android.app.Activity.performCreate(Activity.java:8595)
10-04 22:38:36.915  4658  4658 E AndroidRuntime: 	at android.app.Activity.performCreate(Activity.java:8573)
10-04 22:38:36.915  4658  4658 E AndroidRuntime: 	at android.app.Instrumentation.callActivityOnCreate(Instrumentation.java:1456)
10-04 22:38:36.915  4658  4658 E AndroidRuntime: 	at android.app.ActivityThread.performLaunchActivity(ActivityThread.java:3764)
RESULT universal=fail split=fail
